---
source: crates/wlwl-error/src/lib.rs
expression: "serde_json::json!({\n    \"E0099\": code_snap(ErrorCode::E0099, \"user_err\"), \"E0100\":\n    code_snap(ErrorCode::E0100, \"internal\"), \"E0101\":\n    code_snap(ErrorCode::E0101, \"stack_overflow\"), \"E0102\":\n    code_snap(ErrorCode::E0102, \"unhandled_err_escape\"),\n})"
---
{
  "E0099": {
    "code": "E0099",
    "error_category": "user",
    "error_schema_version": "0.3.1",
    "hint": null,
    "location": {
      "col": 1,
      "col_end": 1,
      "file": "snap.wl",
      "line": 1,
      "line_end": 1
    },
    "message": "snapshot for user_err",
    "related": [],
    "retryable": false,
    "severity": "error",
    "source_line": null,
    "suggestion_code": []
  },
  "E0100": {
    "code": "E0100",
    "error_category": "internal",
    "error_schema_version": "0.3.1",
    "hint": null,
    "location": {
      "col": 1,
      "col_end": 1,
      "file": "snap.wl",
      "line": 1,
      "line_end": 1
    },
    "message": "snapshot for internal",
    "related": [],
    "retryable": false,
    "severity": "error",
    "source_line": null,
    "suggestion_code": []
  },
  "E0101": {
    "code": "E0101",
    "error_category": "internal",
    "error_schema_version": "0.3.1",
    "hint": null,
    "location": {
      "col": 1,
      "col_end": 1,
      "file": "snap.wl",
      "line": 1,
      "line_end": 1
    },
    "message": "snapshot for stack_overflow",
    "related": [],
    "retryable": false,
    "severity": "error",
    "source_line": null,
    "suggestion_code": []
  },
  "E0102": {
    "code": "E0102",
    "error_category": "internal",
    "error_schema_version": "0.3.1",
    "hint": null,
    "location": {
      "col": 1,
      "col_end": 1,
      "file": "snap.wl",
      "line": 1,
      "line_end": 1
    },
    "message": "snapshot for unhandled_err_escape",
    "related": [],
    "retryable": false,
    "severity": "error",
    "source_line": null,
    "suggestion_code": []
  }
}
